// Jest Snapshot v1, https://goo.gl/fbAQLP

exports[`render header 1`] = `
<header
  className="root"
>
  <button
    className="root"
    onClick={[MockFunction Navigation click function]}
  >
    <svg
      aria-hidden={true}
      className="MuiSvgIcon-root icon MuiSvgIcon-fontSizeLarge"
      focusable="false"
      viewBox="0 0 24 24"
    >
      <path
        d="M3 18h18v-2H3v2zm0-5h18v-2H3v2zm0-7v2h18V6H3z"
      />
    </svg>
  </button>
  <section
    className="root"
  >
    <button
      className="searchButton"
      onClick={[MockFunction Search click function]}
    >
      <svg
        aria-hidden={true}
        className="MuiSvgIcon-root searchIcon MuiSvgIcon-fontSizeLarge"
        focusable="false"
        viewBox="0 0 24 24"
      >
        <path
          d="M15.5 14h-.79l-.28-.27C15.41 12.59 16 11.11 16 9.5 16 5.91 13.09 3 9.5 3S3 5.91 3 9.5 5.91 16 9.5 16c1.61 0 3.09-.59 4.23-1.57l.27.28v.79l5 4.99L20.49 19l-4.99-5zm-6 0C7.01 14 5 11.99 5 9.5S7.01 5 9.5 5 14 7.01 14 9.5 11.99 14 9.5 14z"
        />
      </svg>
    </button>
    <button
      className="moreButton"
      onClick={[MockFunction Overflow click function]}
    >
      <svg
        aria-hidden={true}
        className="MuiSvgIcon-root moreIcon MuiSvgIcon-fontSizeLarge"
        focusable="false"
        viewBox="0 0 24 24"
      >
        <path
          d="M12 8c1.1 0 2-.9 2-2s-.9-2-2-2-2 .9-2 2 .9 2 2 2zm0 2c-1.1 0-2 .9-2 2s.9 2 2 2 2-.9 2-2-.9-2-2-2zm0 6c-1.1 0-2 .9-2 2s.9 2 2 2 2-.9 2-2-.9-2-2-2z"
        />
      </svg>
    </button>
  </section>
</header>
`;
