// Jest Snapshot v1, https://goo.gl/fbAQLP

exports[`render children 1`] = `
<span>
  Test
</span>
`;
